2026-01-14 22:19:38 [INFO] 
2026-01-14 22:19:38 [INFO] ======================================================================
2026-01-14 22:19:38 [INFO]   📅 查詢日期: 2026-01-14
2026-01-14 22:19:38 [INFO]   ⏰ 執行時間: 2026-01-14 22:19:38
2026-01-14 22:19:38 [INFO]   🔧 執行模式: 正式模式
2026-01-14 22:19:38 [INFO] ======================================================================
2026-01-14 22:19:38 [INFO] 
2026-01-14 22:19:38 [INFO] 📦 找到 19 個模組
2026-01-14 22:19:38 [INFO] 
2026-01-14 22:19:38 [INFO] [1/19] ──────────────────────────────────────────────────
2026-01-14 22:19:38 [INFO] ⚙️  執行中: F01_FETCHER ........
2026-01-14 22:19:38 [INFO] 執行模組: modules.f01_fetcher
2026-01-14 22:19:38 [ERROR] 模組載入失敗: No module named 'pandas'
2026-01-14 22:19:38 [INFO] 💾 檔案: 2026-01-14_2219_f01_fetcher.txt
2026-01-14 22:19:38 [INFO]   ❌ 狀態: 錯誤
2026-01-14 22:19:38 [INFO]   📄 輸出: [ 2026.01.14  F01 錯誤: 無法載入模組   source: UNKNOWN ]
2026-01-14 22:19:38 [INFO] 
2026-01-14 22:19:38 [INFO] [2/19] ──────────────────────────────────────────────────
2026-01-14 22:19:38 [INFO] ⚙️  執行中: F02_FETCHER ........
2026-01-14 22:19:38 [INFO] 執行模組: modules.f02_fetcher
2026-01-14 22:19:38 [ERROR] 模組載入失敗: No module named 'requests'
2026-01-14 22:19:38 [INFO] 💾 檔案: 2026-01-14_2219_f02_fetcher.txt
2026-01-14 22:19:38 [INFO]   ❌ 狀態: 錯誤
2026-01-14 22:19:38 [INFO]   📄 輸出: [ 2026.01.14  F02 錯誤: 無法載入模組   source: UNKNOWN ]
2026-01-14 22:19:38 [INFO] 
2026-01-14 22:19:38 [INFO] [3/19] ──────────────────────────────────────────────────
2026-01-14 22:19:38 [INFO] ⚙️  執行中: F03_FETCHER ........
2026-01-14 22:19:38 [INFO] 執行模組: modules.f03_fetcher
2026-01-14 22:19:38 [ERROR] 模組載入失敗: No module named 'requests'
2026-01-14 22:19:38 [INFO] 💾 檔案: 2026-01-14_2219_f03_fetcher.txt
2026-01-14 22:19:38 [INFO]   ❌ 狀態: 錯誤
2026-01-14 22:19:38 [INFO]   📄 輸出: [ 2026.01.14  F03 錯誤: 無法載入模組   source: UNKNOWN ]
2026-01-14 22:19:38 [INFO] 
2026-01-14 22:19:38 [INFO] [4/19] ──────────────────────────────────────────────────
2026-01-14 22:19:38 [INFO] ⚙️  執行中: F04_FETCHER ........
2026-01-14 22:19:38 [INFO] 執行模組: modules.f04_fetcher
2026-01-14 22:19:38 [ERROR] 模組載入失敗: No module named 'requests'
2026-01-14 22:19:38 [INFO] 💾 檔案: 2026-01-14_2219_f04_fetcher.txt
2026-01-14 22:19:38 [INFO]   ❌ 狀態: 錯誤
2026-01-14 22:19:38 [INFO]   📄 輸出: [ 2026.01.14  F04 錯誤: 無法載入模組   source: UNKNOWN ]
2026-01-14 22:19:38 [INFO] 
2026-01-14 22:19:38 [INFO] [5/19] ──────────────────────────────────────────────────
2026-01-14 22:19:38 [INFO] ⚙️  執行中: F05_FETCHER ........
2026-01-14 22:19:38 [INFO] 執行模組: modules.f05_fetcher
2026-01-14 22:19:38 [ERROR] 模組載入失敗: No module named 'requests'
2026-01-14 22:19:38 [INFO] 💾 檔案: 2026-01-14_2219_f05_fetcher.txt
2026-01-14 22:19:38 [INFO]   ❌ 狀態: 錯誤
2026-01-14 22:19:38 [INFO]   📄 輸出: [ 2026.01.14  F05 錯誤: 無法載入模組   source: UNKNOWN ]
2026-01-14 22:19:38 [INFO] 
2026-01-14 22:19:38 [INFO] [6/19] ──────────────────────────────────────────────────
2026-01-14 22:19:38 [INFO] ⚙️  執行中: F06_FETCHER ........
2026-01-14 22:19:38 [INFO] 執行模組: modules.f06_fetcher
2026-01-14 22:19:38 [ERROR] 模組載入失敗: No module named 'requests'
2026-01-14 22:19:38 [INFO] 💾 檔案: 2026-01-14_2219_f06_fetcher.txt
2026-01-14 22:19:38 [INFO]   ❌ 狀態: 錯誤
2026-01-14 22:19:38 [INFO]   📄 輸出: [ 2026.01.14  F06 錯誤: 無法載入模組   source: UNKNOWN ]
2026-01-14 22:19:38 [INFO] 
2026-01-14 22:19:38 [INFO] [7/19] ──────────────────────────────────────────────────
2026-01-14 22:19:38 [INFO] ⚙️  執行中: F07_FETCHER ........
2026-01-14 22:19:38 [INFO] 執行模組: modules.f07_fetcher
2026-01-14 22:19:38 [ERROR] 模組載入失敗: No module named 'requests'
2026-01-14 22:19:38 [INFO] 💾 檔案: 2026-01-14_2219_f07_fetcher.txt
2026-01-14 22:19:38 [INFO]   ❌ 狀態: 錯誤
2026-01-14 22:19:38 [INFO]   📄 輸出: [ 2026.01.14  F07 錯誤: 無法載入模組   source: UNKNOWN ]
2026-01-14 22:19:38 [INFO] 
2026-01-14 22:19:38 [INFO] [8/19] ──────────────────────────────────────────────────
2026-01-14 22:19:38 [INFO] ⚙️  執行中: F11_FETCHER ........
2026-01-14 22:19:38 [INFO] 執行模組: modules.f11_fetcher
2026-01-14 22:19:38 [ERROR] 模組載入失敗: No module named 'selenium'
2026-01-14 22:19:38 [INFO] 💾 檔案: 2026-01-14_2219_f11_fetcher.txt
2026-01-14 22:19:38 [INFO]   ❌ 狀態: 錯誤
2026-01-14 22:19:38 [INFO]   📄 輸出: [ 2026.01.14  F11 錯誤: 無法載入模組   source: UNKNOWN ]
2026-01-14 22:19:38 [INFO] 
2026-01-14 22:19:38 [INFO] [9/19] ──────────────────────────────────────────────────
2026-01-14 22:19:38 [INFO] ⚙️  執行中: F12_FETCHER ........
2026-01-14 22:19:38 [INFO] 執行模組: modules.f12_fetcher
2026-01-14 22:19:38 [ERROR] 模組載入失敗: No module named 'requests'
2026-01-14 22:19:38 [INFO] 💾 檔案: 2026-01-14_2219_f12_fetcher.txt
2026-01-14 22:19:38 [INFO]   ❌ 狀態: 錯誤
2026-01-14 22:19:38 [INFO]   📄 輸出: [ 2026.01.14  F12 錯誤: 無法載入模組   source: UNKNOWN ]
2026-01-14 22:19:38 [INFO] 
2026-01-14 22:19:38 [INFO] [10/19] ──────────────────────────────────────────────────
2026-01-14 22:19:38 [INFO] ⚙️  執行中: F13_FETCHER ........
2026-01-14 22:19:38 [INFO] 執行模組: modules.f13_fetcher
2026-01-14 22:19:38 [ERROR] 模組載入失敗: No module named 'requests'
2026-01-14 22:19:38 [INFO] 💾 檔案: 2026-01-14_2219_f13_fetcher.txt
2026-01-14 22:19:38 [INFO]   ❌ 狀態: 錯誤
2026-01-14 22:19:38 [INFO]   📄 輸出: [ 2026.01.14  F13 錯誤: 無法載入模組   source: UNKNOWN ]
2026-01-14 22:19:38 [INFO] 
2026-01-14 22:19:38 [INFO] [11/19] ──────────────────────────────────────────────────
2026-01-14 22:19:38 [INFO] ⚙️  執行中: F14_FETCHER ........
2026-01-14 22:19:38 [INFO] 執行模組: modules.f14_fetcher
2026-01-14 22:19:38 [ERROR] 模組載入失敗: No module named 'pandas'
2026-01-14 22:19:38 [INFO] 💾 檔案: 2026-01-14_2219_f14_fetcher.txt
2026-01-14 22:19:38 [INFO]   ❌ 狀態: 錯誤
2026-01-14 22:19:38 [INFO]   📄 輸出: [ 2026.01.14  F14 錯誤: 無法載入模組   source: UNKNOWN ]
2026-01-14 22:19:38 [INFO] 
2026-01-14 22:19:38 [INFO] [12/19] ──────────────────────────────────────────────────
2026-01-14 22:19:38 [INFO] ⚙️  執行中: F15_FETCHER ........
2026-01-14 22:19:38 [INFO] 執行模組: modules.f15_fetcher
2026-01-14 22:19:38 [ERROR] 模組載入失敗: No module named 'requests'
2026-01-14 22:19:38 [INFO] 💾 檔案: 2026-01-14_2219_f15_fetcher.txt
2026-01-14 22:19:38 [INFO]   ❌ 狀態: 錯誤
2026-01-14 22:19:38 [INFO]   📄 輸出: [ 2026.01.14  F15 錯誤: 無法載入模組   source: UNKNOWN ]
2026-01-14 22:19:38 [INFO] 
2026-01-14 22:19:38 [INFO] [13/19] ──────────────────────────────────────────────────
2026-01-14 22:19:38 [INFO] ⚙️  執行中: F16_FETCHER ........
2026-01-14 22:19:38 [INFO] 執行模組: modules.f16_fetcher
2026-01-14 22:19:38 [ERROR] 模組載入失敗: No module named 'pandas'
2026-01-14 22:19:38 [INFO] 💾 檔案: 2026-01-14_2219_f16_fetcher.txt
2026-01-14 22:19:38 [INFO]   ❌ 狀態: 錯誤
2026-01-14 22:19:38 [INFO]   📄 輸出: [ 2026.01.14  F16 錯誤: 無法載入模組   source: UNKNOWN ]
2026-01-14 22:19:38 [INFO] 
2026-01-14 22:19:38 [INFO] [14/19] ──────────────────────────────────────────────────
2026-01-14 22:19:38 [INFO] ⚙️  執行中: F17_FETCHER ........
2026-01-14 22:19:38 [INFO] 執行模組: modules.f17_fetcher
2026-01-14 22:19:38 [ERROR] 模組載入失敗: No module named 'requests'
2026-01-14 22:19:38 [INFO] 💾 檔案: 2026-01-14_2219_f17_fetcher.txt
2026-01-14 22:19:38 [INFO]   ❌ 狀態: 錯誤
2026-01-14 22:19:38 [INFO]   📄 輸出: [ 2026.01.14  F17 錯誤: 無法載入模組   source: UNKNOWN ]
2026-01-14 22:19:38 [INFO] 
2026-01-14 22:19:38 [INFO] [15/19] ──────────────────────────────────────────────────
2026-01-14 22:19:38 [INFO] ⚙️  執行中: F21_FETCHER ........
2026-01-14 22:19:38 [INFO] 執行模組: modules.f21_fetcher
2026-01-14 22:19:38 [ERROR] 模組載入失敗: No module named 'selenium'
2026-01-14 22:19:38 [INFO] 💾 檔案: 2026-01-14_2219_f21_fetcher.txt
2026-01-14 22:19:38 [INFO]   ❌ 狀態: 錯誤
2026-01-14 22:19:38 [INFO]   📄 輸出: [ 2026.01.14  F21 錯誤: 無法載入模組   source: UNKNOWN ]
2026-01-14 22:19:38 [INFO] 
2026-01-14 22:19:38 [INFO] [16/19] ──────────────────────────────────────────────────
2026-01-14 22:19:38 [INFO] ⚙️  執行中: F22_FETCHER ........
2026-01-14 22:19:38 [INFO] 執行模組: modules.f22_fetcher
2026-01-14 22:19:38 [ERROR] 模組載入失敗: No module named 'selenium'
2026-01-14 22:19:38 [INFO] 💾 檔案: 2026-01-14_2219_f22_fetcher.txt
2026-01-14 22:19:38 [INFO]   ❌ 狀態: 錯誤
2026-01-14 22:19:38 [INFO]   📄 輸出: [ 2026.01.14  F22 錯誤: 無法載入模組   source: UNKNOWN ]
2026-01-14 22:19:38 [INFO] 
2026-01-14 22:19:38 [INFO] [17/19] ──────────────────────────────────────────────────
2026-01-14 22:19:38 [INFO] ⚙️  執行中: F23_FETCHER ........
2026-01-14 22:19:38 [INFO] 執行模組: modules.f23_fetcher
2026-01-14 22:19:38 [ERROR] 模組載入失敗: No module named 'selenium'
2026-01-14 22:19:38 [INFO] 💾 檔案: 2026-01-14_2219_f23_fetcher.txt
2026-01-14 22:19:38 [INFO]   ❌ 狀態: 錯誤
2026-01-14 22:19:38 [INFO]   📄 輸出: [ 2026.01.14  F23 錯誤: 無法載入模組   source: UNKNOWN ]
2026-01-14 22:19:38 [INFO] 
2026-01-14 22:19:38 [INFO] [18/19] ──────────────────────────────────────────────────
2026-01-14 22:19:38 [INFO] ⚙️  執行中: F24_FETCHER ........
2026-01-14 22:19:38 [INFO] 執行模組: modules.f24_fetcher
2026-01-14 22:19:38 [ERROR] 模組載入失敗: No module named 'selenium'
2026-01-14 22:19:38 [INFO] 💾 檔案: 2026-01-14_2219_f24_fetcher.txt
2026-01-14 22:19:38 [INFO]   ❌ 狀態: 錯誤
2026-01-14 22:19:38 [INFO]   📄 輸出: [ 2026.01.14  F24 錯誤: 無法載入模組   source: UNKNOWN ]
2026-01-14 22:19:38 [INFO] 
2026-01-14 22:19:38 [INFO] [19/19] ──────────────────────────────────────────────────
2026-01-14 22:19:38 [INFO] ⚙️  執行中: F25_FETCHER ........
2026-01-14 22:19:38 [INFO] 執行模組: modules.f25_fetcher
2026-01-14 22:19:38 [ERROR] 模組載入失敗: No module named 'selenium'
2026-01-14 22:19:38 [INFO] 💾 檔案: 2026-01-14_2219_f25_fetcher.txt
2026-01-14 22:19:38 [INFO]   ❌ 狀態: 錯誤
2026-01-14 22:19:38 [INFO]   📄 輸出: [ 2026.01.14  F25 錯誤: 無法載入模組   source: UNKNOWN ]
2026-01-14 22:19:38 [INFO] 
2026-01-14 22:19:38 [INFO] ======================================================================
2026-01-14 22:19:38 [INFO]   📊 執行統計
2026-01-14 22:19:38 [INFO] ======================================================================
2026-01-14 22:19:38 [INFO]   總數: 19
2026-01-14 22:19:38 [INFO]   ✅ 成功: 0 (0.0%)
2026-01-14 22:19:38 [INFO]   ⚠️  失敗: 0 (0.0%)
2026-01-14 22:19:38 [INFO]   ❌ 錯誤: 19 (100.0%)
2026-01-14 22:19:38 [INFO]   ⛔ 無效: 0 (0.0%)
2026-01-14 22:19:38 [INFO] ======================================================================
2026-01-14 22:19:38 [INFO] 📝 詳細日誌: /home/dm/taifex-query/data/2026-01-14_2219_run.log
2026-01-14 22:19:38 [INFO] ======================================================================
2026-01-14 22:19:38 [INFO] 
